  x Expression expected
   ,-[input.js:4:1]
 3 | 
 4 | <Component x={...[1,2,3]} />
   :               ^^^
   `----
